#-----------------------------------------------------------
# Vivado v2024.2 (64-bit)
# SW Build 5239630 on Fri Nov 08 22:34:34 MST 2024
# IP Build 5239520 on Sun Nov 10 16:12:51 MST 2024
# SharedData Build 5239561 on Fri Nov 08 14:39:27 MST 2024
# Start of session at: Wed Mar 25 15:50:06 2026
# Process ID         : 2688869
# Current directory  : /home/tutor/SoC_Design_2026_1/SoC_Design_2026_1/Source_Code/session4/led_control/led_control.runs/impl_1
# Command line       : vivado -log led_control.vdi -applog -product Vivado -messageDb vivado.pb -mode batch -source led_control.tcl -notrace
# Log file           : /home/tutor/SoC_Design_2026_1/SoC_Design_2026_1/Source_Code/session4/led_control/led_control.runs/impl_1/led_control.vdi
# Journal file       : /home/tutor/SoC_Design_2026_1/SoC_Design_2026_1/Source_Code/session4/led_control/led_control.runs/impl_1/vivado.jou
# Running On         : ky-cds-semi
# Platform           : RedHatEnterprise
# Operating System   : Red Hat Enterprise Linux release 8.1 (Ootpa)
# Processor Detail   : Intel(R) Xeon(R) Silver 4316 CPU @ 2.30GHz
# CPU Frequency      : 2799.993 MHz
# CPU Physical cores : 40
# CPU Logical cores  : 80
# Host memory        : 540214 MB
# Swap memory        : 34359 MB
# Total Virtual      : 574573 MB
# Available Virtual  : 341800 MB
#-----------------------------------------------------------
source led_control.tcl -notrace
